evidence_recovery=true
reason=raw execution evidence recovery
change_id=AM7-R01-C01
repo_relative_cwd=.
baseline_commit=a7c941989a038d7a998ccee707e14b4fd9125cda
baseline_tree=b3ddfa62cf1673ffc59887b06517baacf9c79cd7
command_start=2026-08-13T23:20:34.0591387+08:00
target_manifest_count=19
target_exists calibration_profiles.py=true
target_exists calibration_steps.py=true
target_exists calibration_template.py=true
target_exists mouse_motion.py=true
target_exists ocr_aggregation.py=true
target_exists ocr_calibration.py=true
target_exists ocr_candidate.py=true
target_exists ocr_detector.py=true
target_exists ocr_fixture_demo.py=true
target_exists ocr_mac_demo.py=true
target_exists ocr_normalization.py=true
target_exists ocr_records.py=true
target_exists ocr_replay.py=true
target_exists ocr_similarity_sidecar.py=true
target_exists ocr_similarity.py=true
target_exists ocr_store.py=true
target_exists ocr_text.py=true
target_exists simple_brush.py=true
target_exists tests=true
command=.\\venv\\Scripts\\python.exe -m compileall -q calibration_profiles.py calibration_steps.py calibration_template.py mouse_motion.py ocr_aggregation.py ocr_calibration.py ocr_candidate.py ocr_detector.py ocr_fixture_demo.py ocr_mac_demo.py ocr_normalization.py ocr_records.py ocr_replay.py ocr_similarity_sidecar.py ocr_similarity.py ocr_store.py ocr_text.py simple_brush.py tests
command_end=2026-08-13T23:20:34.1737292+08:00
exit_code=0
missing_target_count=0
missing_output_match_count=0
result=PASS
