evidence_recovery=true
reason=raw execution evidence recovery
change_id=AM7-R01-C01
repo_relative_cwd=.
baseline_commit=a7c941989a038d7a998ccee707e14b4fd9125cda
baseline_tree=b3ddfa62cf1673ffc59887b06517baacf9c79cd7
command_start=2026-08-13T23:07:21.9104714+08:00
command=.\\venv\\Scripts\\python.exe -m unittest discover -s tests -p 'test_*.py' -v
stdout_stderr=combined_powershell_redirection_capture
command_end=2026-08-13T23:07:46.7806022+08:00
exit_code=0
tests_run=776
failures=0
errors=0
skips=0
result=PASS
raw_capture=full-legacy-regression.raw.log.gz.base64
raw_capture_encoding=base64(gzip(utf-8 stdout/stderr capture))
raw_capture_bytes=434664
raw_capture_decode=base64-decode then gzip-decompress to UTF-8 text
