change_id=AM7-R01-C02
phase=final_verification
repo_relative_cwd=.
baseline_commit=a7c941989a038d7a998ccee707e14b4fd9125cda
approved_origin_url=https://github.com/carolineasu2005-droid/Ocria.git
capture_start=2026-08-13T23:45:11.4201644+08:00
---
timestamp=2026-08-13T23:45:11.4241692+08:00
label=tid_5_3_final_repository_boundary_contract
command=git remote -v; git remote get-url origin; git remote get-url bossocr-upstream; git remote get-url --push bossocr-upstream; exact URL comparison; git merge-base --is-ancestor <baseline> HEAD
bossocr-upstream	https://github.com/carolineasu2005-droid/Boss-OCR.git (fetch)
bossocr-upstream	no_push://bossocr-upstream (push)
origin	https://github.com/carolineasu2005-droid/Ocria.git (fetch)
origin	https://github.com/carolineasu2005-droid/Ocria.git (push)
origin_url=https://github.com/carolineasu2005-droid/Ocria.git
upstream_fetch_url=https://github.com/carolineasu2005-droid/Boss-OCR.git
upstream_push_url=no_push://bossocr-upstream
exit_code=0
---
timestamp=2026-08-13T23:45:11.6934155+08:00
label=url_rewrite_audit
command=git config --show-origin --get-regexp '^url\\..*\\.(insteadOf|pushInsteadOf)$'
stdout_stderr=<empty>
exit_code=1
---
timestamp=2026-08-13T23:45:11.7432178+08:00
label=baseline_json_parse
command=.\venv\Scripts\python.exe -m json.tool docs\am7\baselines\AM7-R01-source-baseline.json
{
    "schema_version": "am7-source-baseline-v1",
    "product": {
        "name": "Ocria",
        "generation": "Am7"
    },
    "source": {
        "product": "BossOCR",
        "repository": "https://github.com/carolineasu2005-droid/Boss-OCR.git",
        "branch": "main",
        "commit": "a7c941989a038d7a998ccee707e14b4fd9125cda",
        "parent": "79bc98e9fac5de3ee50d081125b66f1c73aa6c61",
        "tree": "b3ddfa62cf1673ffc59887b06517baacf9c79cd7",
        "tag": "V1.3.1",
        "release_url": "https://github.com/carolineasu2005-droid/Boss-OCR/releases/tag/V1.3.1",
        "release_published_at": "2026-08-11T13:52:42Z",
        "asset": {
            "name": "BossOCR-Windows-x64.zip",
            "size_bytes": 123421312,
            "sha256": "1be803a15af01779786585c7bc84fd1dc1722a002f146762d6e8f9e2f11f22a9"
        }
    },
    "relationship": {
        "type": "history-preserving-derived-repository",
        "bossocr_role": "legacy_stable_fallback",
        "ocria_role": "am7_development_mainline",
        "fallback_mode": "manual_product_line",
        "automatic_runtime_fallback": false
    },
    "repository_boundary": {
        "origin_status": "configured",
        "origin_url": "https://github.com/carolineasu2005-droid/Ocria.git",
        "upstream_remote_name": "bossocr-upstream",
        "upstream_fetch_url": "https://github.com/carolineasu2005-droid/Boss-OCR.git",
        "upstream_push_disabled": true
    },
    "confirmation": {
        "status": "confirmed",
        "confirmed_at": "2026-08-13T22:25:40+08:00",
        "python": "3.11.9 x64",
        "evidence_refs": [
            "docs/am7/baselines/AM7-R01-source-baseline.md",
            "docs/am7/acceptance/evidence/AM7-R01-C01/gate-summary.md",
            "docs/am7/acceptance/evidence/AM7-R01-C01/README.md",
            "docs/am7/PROVENANCE.md",
            "docs/am7/acceptance/evidence/AM7-R01-C02/command-manifest.md",
            "docs/am7/acceptance/evidence/AM7-R01-C02/before-configuration.log",
            "docs/am7/acceptance/evidence/AM7-R01-C02/configuration-and-verification.log"
        ],
        "human_approver": "Human Project Owner"
    }
}
exit_code=0
---
timestamp=2026-08-13T23:45:11.8385732+08:00
label=protected_production_and_benchmark_diff
command=git diff --exit-code <baseline> -- protected production and benchmark files
stdout_stderr=<empty>
exit_code=0
---
timestamp=2026-08-13T23:45:11.8900924+08:00
label=existing_tests_byte_identity_diff
command=git diff --exit-code <baseline> -- 16 existing test modules
stdout_stderr=<empty>
exit_code=0
---
timestamp=2026-08-13T23:45:11.9429407+08:00
label=whitespace_guard
command=git diff --check; git diff --cached --check; git diff --check <baseline> -- .
warning: in the working copy of '.gitignore', LF will be replaced by CRLF the next time Git touches it
warning: in the working copy of '.gitignore', LF will be replaced by CRLF the next time Git touches it
exit_code=0
---
timestamp=2026-08-13T23:45:12.1016357+08:00
label=tracked_changes
command=git diff --name-only <baseline> -- .
warning: in the working copy of '.gitignore', LF will be replaced by CRLF the next time Git touches it
.gitignore
exit_code=0
---
timestamp=2026-08-13T23:45:12.1556774+08:00
label=untracked_files
command=git ls-files --others --exclude-standard
docs/RPD-AM7-R01-ocria-baseline-migration-and-legacy-core-freeze.md
docs/TID-AM7-R01-ocria-baseline-migration-and-legacy-core-freeze.md
docs/am7/PROVENANCE.md
docs/am7/README.md
docs/am7/acceptance/evidence/AM7-R01-C01/README.md
docs/am7/acceptance/evidence/AM7-R01-C01/compileall.log
docs/am7/acceptance/evidence/AM7-R01-C01/environment.log
docs/am7/acceptance/evidence/AM7-R01-C01/evidence-recovery-manifest.md
docs/am7/acceptance/evidence/AM7-R01-C01/full-legacy-regression.log
docs/am7/acceptance/evidence/AM7-R01-C01/full-legacy-regression.raw.log.gz.base64
docs/am7/acceptance/evidence/AM7-R01-C01/gate-summary.md
docs/am7/acceptance/evidence/AM7-R01-C01/r04-benchmark.json
docs/am7/acceptance/evidence/AM7-R01-C01/r04-result.log
docs/am7/acceptance/evidence/AM7-R01-C01/r05-benchmark.json
docs/am7/acceptance/evidence/AM7-R01-C01/r05-result.log
docs/am7/acceptance/evidence/AM7-R01-C01/r06-benchmark.json
docs/am7/acceptance/evidence/AM7-R01-C01/r06-result.log
docs/am7/acceptance/evidence/AM7-R01-C01/workspace-guards.log
docs/am7/acceptance/evidence/AM7-R01-C02/README.md
docs/am7/acceptance/evidence/AM7-R01-C02/before-configuration.log
docs/am7/acceptance/evidence/AM7-R01-C02/command-manifest.md
docs/am7/acceptance/evidence/AM7-R01-C02/configuration-and-verification.log
docs/am7/baselines/AM7-R01-source-baseline.json
docs/am7/baselines/AM7-R01-source-baseline.md
exit_code=0
---
timestamp=2026-08-13T23:45:12.2181208+08:00
label=worktree_status
command=git status --short --branch; git status --porcelain --untracked-files=all; git diff --stat; git diff --name-only
## main...bossocr-upstream/main
 M .gitignore
?? docs/RPD-AM7-R01-ocria-baseline-migration-and-legacy-core-freeze.md
?? docs/TID-AM7-R01-ocria-baseline-migration-and-legacy-core-freeze.md
?? docs/am7/
 M .gitignore
?? docs/RPD-AM7-R01-ocria-baseline-migration-and-legacy-core-freeze.md
?? docs/TID-AM7-R01-ocria-baseline-migration-and-legacy-core-freeze.md
?? docs/am7/PROVENANCE.md
?? docs/am7/README.md
?? docs/am7/acceptance/evidence/AM7-R01-C01/README.md
?? docs/am7/acceptance/evidence/AM7-R01-C01/compileall.log
?? docs/am7/acceptance/evidence/AM7-R01-C01/environment.log
?? docs/am7/acceptance/evidence/AM7-R01-C01/evidence-recovery-manifest.md
?? docs/am7/acceptance/evidence/AM7-R01-C01/full-legacy-regression.log
?? docs/am7/acceptance/evidence/AM7-R01-C01/full-legacy-regression.raw.log.gz.base64
?? docs/am7/acceptance/evidence/AM7-R01-C01/gate-summary.md
?? docs/am7/acceptance/evidence/AM7-R01-C01/r04-benchmark.json
?? docs/am7/acceptance/evidence/AM7-R01-C01/r04-result.log
?? docs/am7/acceptance/evidence/AM7-R01-C01/r05-benchmark.json
?? docs/am7/acceptance/evidence/AM7-R01-C01/r05-result.log
?? docs/am7/acceptance/evidence/AM7-R01-C01/r06-benchmark.json
?? docs/am7/acceptance/evidence/AM7-R01-C01/r06-result.log
?? docs/am7/acceptance/evidence/AM7-R01-C01/workspace-guards.log
?? docs/am7/acceptance/evidence/AM7-R01-C02/README.md
?? docs/am7/acceptance/evidence/AM7-R01-C02/before-configuration.log
?? docs/am7/acceptance/evidence/AM7-R01-C02/command-manifest.md
?? docs/am7/acceptance/evidence/AM7-R01-C02/configuration-and-verification.log
?? docs/am7/baselines/AM7-R01-source-baseline.json
?? docs/am7/baselines/AM7-R01-source-baseline.md
warning: in the working copy of '.gitignore', LF will be replaced by CRLF the next time Git touches it
 .gitignore | 6 ++++++
 1 file changed, 6 insertions(+)
warning: in the working copy of '.gitignore', LF will be replaced by CRLF the next time Git touches it
.gitignore
exit_code=0
capture_end=2026-08-13T23:45:12.4329878+08:00
result=PASS
