change_id=AM7-R01-C03
gate=compile_target_existence_and_compileall
repo_relative_cwd=.
command_start=2026-08-14T00:05:03.6251910+08:00
target_manifest_count=19
target_exists calibration_profiles.py=True
target_exists calibration_steps.py=True
target_exists calibration_template.py=True
target_exists mouse_motion.py=True
target_exists ocr_aggregation.py=True
target_exists ocr_calibration.py=True
target_exists ocr_candidate.py=True
target_exists ocr_detector.py=True
target_exists ocr_fixture_demo.py=True
target_exists ocr_mac_demo.py=True
target_exists ocr_normalization.py=True
target_exists ocr_records.py=True
target_exists ocr_replay.py=True
target_exists ocr_similarity_sidecar.py=True
target_exists ocr_similarity.py=True
target_exists ocr_store.py=True
target_exists ocr_text.py=True
target_exists simple_brush.py=True
target_exists tests=True
command=.\\venv\\Scripts\\python.exe -m compileall -q <19 fixed targets>
stdout_stderr=<empty>
command_end=2026-08-14T00:05:03.7380240+08:00
exit_code=0
missing_target_count=0
missing_output_match_count=0
result=PASS
