change_id=AM7-R01-C03
gate=protected_workspace_diff
repo_relative_cwd=.
baseline_commit=a7c941989a038d7a998ccee707e14b4fd9125cda
command_start=2026-08-14T00:06:13.9773239+08:00
---
timestamp=2026-08-14T00:06:13.9814874+08:00
label=protected_production_and_benchmark_diff
command=git diff --exit-code <baseline> -- protected production and benchmark files
stdout_stderr=<empty>
exit_code=0
---
timestamp=2026-08-14T00:06:14.0337586+08:00
label=existing_tests_byte_identity_diff
command=git diff --exit-code <baseline> -- 16 existing test modules
stdout_stderr=<empty>
exit_code=0
---
timestamp=2026-08-14T00:06:14.0839620+08:00
label=unstaged_whitespace
command=git diff --check
warning: in the working copy of '.github/workflows/windows-release.yml', LF will be replaced by CRLF the next time Git touches it
warning: in the working copy of '.gitignore', LF will be replaced by CRLF the next time Git touches it
warning: in the working copy of 'BossOCR.spec', LF will be replaced by CRLF the next time Git touches it
warning: in the working copy of 'build-windows.bat', LF will be replaced by CRLF the next time Git touches it
warning: in the working copy of 'docs/README.md', LF will be replaced by CRLF the next time Git touches it
warning: in the working copy of 'setup.bat', LF will be replaced by CRLF the next time Git touches it
warning: in the working copy of 'simple_brush.py', LF will be replaced by CRLF the next time Git touches it
warning: in the working copy of 'start.bat', LF will be replaced by CRLF the next time Git touches it
exit_code=0
---
timestamp=2026-08-14T00:06:14.1441112+08:00
label=staged_whitespace
command=git diff --cached --check
stdout_stderr=<empty>
exit_code=0
---
timestamp=2026-08-14T00:06:14.1901892+08:00
label=baseline_whitespace
command=git diff --check <baseline> -- .
warning: in the working copy of '.github/workflows/windows-release.yml', LF will be replaced by CRLF the next time Git touches it
warning: in the working copy of '.gitignore', LF will be replaced by CRLF the next time Git touches it
warning: in the working copy of 'BossOCR.spec', LF will be replaced by CRLF the next time Git touches it
warning: in the working copy of 'build-windows.bat', LF will be replaced by CRLF the next time Git touches it
warning: in the working copy of 'docs/README.md', LF will be replaced by CRLF the next time Git touches it
warning: in the working copy of 'setup.bat', LF will be replaced by CRLF the next time Git touches it
warning: in the working copy of 'simple_brush.py', LF will be replaced by CRLF the next time Git touches it
warning: in the working copy of 'start.bat', LF will be replaced by CRLF the next time Git touches it
exit_code=0
---
timestamp=2026-08-14T00:06:14.2553225+08:00
label=authorized_c03_hunks
command=git diff -U0 <baseline> -- simple_brush.py setup.bat start.bat build-windows.bat BossOCR.spec .github/workflows/windows-release.yml docs/README.md README.md
warning: in the working copy of '.github/workflows/windows-release.yml', LF will be replaced by CRLF the next time Git touches it
warning: in the working copy of 'BossOCR.spec', LF will be replaced by CRLF the next time Git touches it
warning: in the working copy of 'build-windows.bat', LF will be replaced by CRLF the next time Git touches it
warning: in the working copy of 'docs/README.md', LF will be replaced by CRLF the next time Git touches it
warning: in the working copy of 'setup.bat', LF will be replaced by CRLF the next time Git touches it
warning: in the working copy of 'simple_brush.py', LF will be replaced by CRLF the next time Git touches it
warning: in the working copy of 'start.bat', LF will be replaced by CRLF the next time Git touches it
diff --git a/.github/workflows/windows-release.yml b/.github/workflows/windows-release.yml
index 572c416..6e283c8 100644
--- a/.github/workflows/windows-release.yml
+++ b/.github/workflows/windows-release.yml
@@ -1 +1 @@
-name: Windows Release
+name: Ocria Am7 Windows Release
@@ -7 +7 @@ on:
-      - "issue-*-v*"
+      - "ocria-am7-v*"
@@ -41 +41 @@ jobs:
-        run: .\dist\BossOCR\BossOCR.exe --no-forward --auto --duration-seconds 0
+        run: .\dist\Ocria\Ocria.exe --no-forward --auto --duration-seconds 0
@@ -47,2 +47,2 @@ jobs:
-          Compress-Archive -Path dist\BossOCR\* -DestinationPath release\BossOCR-Windows-x64.zip -CompressionLevel Optimal
-          (Get-FileHash release\BossOCR-Windows-x64.zip -Algorithm SHA256).Hash | Out-File release\BossOCR-Windows-x64.zip.sha256 -Encoding ascii
+          Compress-Archive -Path dist\Ocria\* -DestinationPath release\Ocria-Am7-Windows-x64.zip -CompressionLevel Optimal
+          (Get-FileHash release\Ocria-Am7-Windows-x64.zip -Algorithm SHA256).Hash | Out-File release\Ocria-Am7-Windows-x64.zip.sha256 -Encoding ascii
@@ -53 +53 @@ jobs:
-          name: BossOCR-Windows-x64
+          name: Ocria-Am7-Windows-x64
@@ -55,2 +55,2 @@ jobs:
-            release/BossOCR-Windows-x64.zip
-            release/BossOCR-Windows-x64.zip.sha256
+            release/Ocria-Am7-Windows-x64.zip
+            release/Ocria-Am7-Windows-x64.zip.sha256
@@ -65 +65 @@ jobs:
-          gh release create "${{ github.ref_name }}" release\BossOCR-Windows-x64.zip release\BossOCR-Windows-x64.zip.sha256 --title "Issue #1 BossOCR minimal changes v1.0" --notes-file release-notes\Issue-1-BossOCR-release-notes.md
+          gh release create "${{ github.ref_name }}" release\Ocria-Am7-Windows-x64.zip release\Ocria-Am7-Windows-x64.zip.sha256 --title "Ocria Am7 ${{ github.ref_name }}" --notes-file release-notes\Issue-1-BossOCR-release-notes.md
diff --git a/BossOCR.spec b/BossOCR.spec
index e4c8bea..eac6ba5 100644
--- a/BossOCR.spec
+++ b/BossOCR.spec
@@ -56 +56 @@ exe = EXE(
-    name="BossOCR",
+    name="Ocria",
@@ -75 +75 @@ coll = COLLECT(
-    name="BossOCR",
+    name="Ocria",
diff --git a/build-windows.bat b/build-windows.bat
index bc8eb79..2b6d740 100644
--- a/build-windows.bat
+++ b/build-windows.bat
@@ -23 +23 @@ rem Safe smoke test: no keywords, no forwarding, and no BOSS window interaction.
-"dist\BossOCR\BossOCR.exe" --no-forward --auto --duration-seconds 0
+"dist\Ocria\Ocria.exe" --no-forward --auto --duration-seconds 0
@@ -27,2 +27,2 @@ if not exist "release" mkdir "release"
-if exist "release\BossOCR-Windows-x64.zip" del /q "release\BossOCR-Windows-x64.zip"
-powershell -NoProfile -Command "Compress-Archive -Path 'dist\BossOCR\*' -DestinationPath 'release\BossOCR-Windows-x64.zip' -CompressionLevel Optimal"
+if exist "release\Ocria-Am7-Windows-x64.zip" del /q "release\Ocria-Am7-Windows-x64.zip"
+powershell -NoProfile -Command "Compress-Archive -Path 'dist\Ocria\*' -DestinationPath 'release\Ocria-Am7-Windows-x64.zip' -CompressionLevel Optimal"
@@ -31 +31 @@ if errorlevel 1 exit /b 1
-certutil -hashfile "release\BossOCR-Windows-x64.zip" SHA256
+certutil -hashfile "release\Ocria-Am7-Windows-x64.zip" SHA256
@@ -33 +33 @@ echo.
-echo Build completed: release\BossOCR-Windows-x64.zip
+echo Build completed: release\Ocria-Am7-Windows-x64.zip
diff --git a/docs/README.md b/docs/README.md
index 4dd5fce..4648af6 100644
--- a/docs/README.md
+++ b/docs/README.md
@@ -1 +1 @@
-# BossOCR
+# Ocria Am7
@@ -3 +3 @@
-BossOCR æ¯ä¸ä¸ªé¢å Windows ç BOSS ç´èåéäººç®åè¾å©æµè§å·¥å·ãå®ä½¿ç¨é¼ æ åé®çæ¨¡æå®æåéäººåæ¢ï¼éè¿æ¬å° RapidOCR è¯å«å±å¹ä¸å½ååéäººçå¯è§ç®ååå®¹ï¼åªæå³é®è¯ç»è¿ä¸¤æ¬¡ OCR ç²¾ç¡®ç¡®è®¤åï¼ç¨åºæåè®¸è¿å¥åéäººå¤çå¨ä½ãåéäººå¤çæ¯ææ¶èæ¨¡å¼åè½¬åæ¨¡å¼ï¼æ¶èæ¨¡å¼åªç¹å»æ¶èæé®ï¼è½¬åæ¨¡å¼æ²¿ç¨å·²æé®ä»¶è½¬åæµç¨ã
+Ocria Am7 æ¯ä¸ä¸ªé¢å Windows ç BOSS ç´èåéäººç®åè¾å©æµè§å·¥å·ãå®ä½¿ç¨é¼ æ åé®çæ¨¡æå®æåéäººåæ¢ï¼éè¿æ¬å° RapidOCR è¯å«å±å¹ä¸å½ååéäººçå¯è§ç®ååå®¹ï¼åªæå³é®è¯ç»è¿ä¸¤æ¬¡ OCR ç²¾ç¡®ç¡®è®¤åï¼ç¨åºæåè®¸è¿å¥åéäººå¤çå¨ä½ãåéäººå¤çæ¯ææ¶èæ¨¡å¼åè½¬åæ¨¡å¼ï¼æ¶èæ¨¡å¼åªç¹å»æ¶èæé®ï¼è½¬åæ¨¡å¼æ²¿ç¨å·²æé®ä»¶è½¬åæµç¨ã
@@ -5 +5 @@ BossOCR æ¯ä¸ä¸ªé¢å Windows ç BOSS ç´èåéäººç®åè¾å©æµè§å·¥å·
-å½å Windows æ­£å¼çæ¬ä¸º `v1.2`ãæ¬çæ¬æ°å¢å¯ä¿å­ãå¤ç¨çéç¨æ ¡åæ¨¡æ¿ï¼å¹¶å°æ¨¡æ¿åå»º/æ´æ°å¥å£éæå¨ `BossOCR.exe` åã
+Ocria Am7 ç source baselineãç¬ç« repository boundary åäººå·¥ fallback å³ç³»è§ [`am7/PROVENANCE.md`](am7/PROVENANCE.md)ãAM7-R01 C03 åªè¿ç§»æ´»è·äº§åèº«ä»½ï¼ä¸æ BossOCR historical release ä¼ªè£ä¸º Ocria releaseã
@@ -13 +13 @@ BossOCR æ¯ä¸ä¸ªé¢å Windows ç BOSS ç´èåéäººç®åè¾å©æµè§å·¥å·
-æ¨èä» [GitHub Releases](https://github.com/carolineasu2005-droid/Boss-OCR/releases/latest) ä¸è½½ `BossOCR-Windows-x64.zip`ã
+å¨ C05 æ¬å°æå»ºåï¼Ocria Windows one-dir åä¸º `Ocria-Am7-Windows-x64.zip`ï¼C03 ä¸åå»ºæåå¸ releaseã
@@ -15 +15 @@ BossOCR æ¯ä¸ä¸ªé¢å Windows ç BOSS ç´èåéäººç®åè¾å©æµè§å·¥å·
-1. è§£åæ´ä¸ª ZIPï¼ä¸è½åªå¤å¶ `BossOCR.exe`ã
+1. è§£åæ´ä¸ª ZIPï¼ä¸è½åªå¤å¶ `Ocria.exe`ã
@@ -73 +73 @@ WindMouse å®æåï¼ç¨åºä»ä¼å¼ºå¶æ ¡åå°å·²ç»éå®çç®æ æ´æ°å
-BossOCR æ¯æé¢åæ ¡åå¹¶ä¿å­ç¹å»åºåï¼åç»­è¿è¡å¯ä»¥ç´æ¥è°ç¨æ¨¡æ¿ï¼åå°éå¤æ ¡åãæ¨¡æ¿åæ¶åå«æ¶èãè½¬åãç­éåæ¢å¤ç¦ç¹æéçéç¨åºåï¼æ¶èæ¨¡å¼åè½¬åæ¨¡å¼å±ç¨åä¸ä»½éç¨æ¨¡æ¿ã
+Ocria Am7 æ¯æé¢åæ ¡åå¹¶ä¿å­ç¹å»åºåï¼åç»­è¿è¡å¯ä»¥ç´æ¥è°ç¨æ¨¡æ¿ï¼åå°éå¤æ ¡åãæ¨¡æ¿åæ¶åå«æ¶èãè½¬åãç­éåæ¢å¤ç¦ç¹æéçéç¨åºåï¼æ¶èæ¨¡å¼åè½¬åæ¨¡å¼å±ç¨åä¸ä»½éç¨æ¨¡æ¿ã
@@ -78 +78 @@ Windows EXE ä¸­çåå»ºæµç¨å¦ä¸ï¼
-å¯å¨ BossOCR.exe
+å¯å¨ Ocria.exe
@@ -111,2 +111,2 @@ calibration_profiles/<æ¨¡æ¿åç§°>.json
-å¯å¨ BossOCR.exe
-â éæ©âå¼å§è¿è¡ BossOCRâ
+å¯å¨ Ocria.exe
+â éæ©âå¼å§è¿è¡ Ocria Am7â
@@ -127 +127 @@ calibration_profiles/<æ¨¡æ¿åç§°>.json
-BossOCR.exe --calibration-profile <æ¨¡æ¿åç§°>
+Ocria.exe --calibration-profile <æ¨¡æ¿åç§°>
@@ -327 +327 @@ OCR æ«æèæ¶è®¡å¥åææ¯ä½åéäºº 12â18 ç§åçé¢ç®ï¼æ«æç»
-BossOCR.exe --keywords '"Python"; "ç­å§"' --no-forward --auto
+Ocria.exe --keywords '"Python"; "ç­å§"' --no-forward --auto
@@ -333 +333 @@ BossOCR.exe --keywords '"Python"; "ç­å§"' --no-forward --auto
-BossOCR.exe --keywords '"Python"; "ç­å§"' --action-mode favorite --auto
+Ocria.exe --keywords '"Python"; "ç­å§"' --action-mode favorite --auto
@@ -345 +345 @@ venv\Scripts\python.exe simple_brush.py --keywords '"Python"; "ç­å§"' --no-for
-BossOCR.exe --keywords 'any("Python","åªæ ") and not any("éå®","ææ¾")' --email "backup@example.com" --auto
+Ocria.exe --keywords 'any("Python","åªæ ") and not any("éå®","ææ¾")' --email "backup@example.com" --auto
@@ -418 +418 @@ build-windows.bat
-èæ¬ä¼å®è£æå»ºä¾èµãè¿è¡å¨éæµè¯ãä½¿ç¨ `BossOCR.spec` çææ§å¶å°ç one-dir åºç¨ï¼å¹¶ä»¥ `--no-forward --auto` åå®å¨åçæµè¯ãæåååå¸åç¼©åä½äºï¼
+èæ¬ä¼å®è£æå»ºä¾èµãè¿è¡å¨éæµè¯ãä½¿ç¨ `BossOCR.spec` çææ§å¶å°ç one-dir åºç¨ï¼å¹¶ä»¥ `--no-forward --auto` åå®å¨åçæµè¯ãæååæ¬å°åç¼©åä½äºï¼
@@ -421 +421 @@ build-windows.bat
-release\BossOCR-Windows-x64.zip
+release\Ocria-Am7-Windows-x64.zip
@@ -424 +424 @@ release\BossOCR-Windows-x64.zip
-åå¸åä¿æ Windows one-dir å½¢å¼ï¼è§£ååä» `BossOCR.exe` å¯å¨ï¼ä¸éè¦ä¹ä¸ä¼åç¬çæ `CalibrationTemplate.exe`ï¼æ¨¡æ¿åå»ºå¥å£å·²ç»éæå¨ `BossOCR.exe` çå¯å¨èåä¸­ãåå¸åä¼åå« `calibration_profiles.py`ã`calibration_steps.py` å `calibration_template.py` æéçå»ç»æ¨¡åã
+æ¬å°åä¿æ Windows one-dir å½¢å¼ï¼è§£ååä» `Ocria.exe` å¯å¨ï¼ä¸éè¦ä¹ä¸ä¼åç¬çæ `CalibrationTemplate.exe`ï¼æ¨¡æ¿åå»ºå¥å£å·²ç»éæå¨ `Ocria.exe` çå¯å¨èåä¸­ãæ¬å°åä¼åå« `calibration_profiles.py`ã`calibration_steps.py` å `calibration_template.py` æéçå»ç»æ¨¡åã
diff --git a/setup.bat b/setup.bat
index c56db01..6c70e07 100644
--- a/setup.bat
+++ b/setup.bat
@@ -9 +9 @@ echo ========================================
-echo  BOSS ç´èèªå¨å·ç®å - ç¯å¢åå§å
+echo  Ocria Am7 - ç¯å¢åå§å
diff --git a/simple_brush.py b/simple_brush.py
index c51c77a..21092b9 100644
--- a/simple_brush.py
+++ b/simple_brush.py
@@ -1234 +1234 @@ def choose_startup_action():
-    """Prompt an interactive user to run BossOCR, calibrate, or exit."""
+    """Prompt an interactive user to run Ocria Am7, calibrate, or exit."""
@@ -1238 +1238 @@ def choose_startup_action():
-            '1. å¼å§è¿è¡ BossOCR\n'
+            '1. å¼å§è¿è¡ Ocria Am7\n'
@@ -3710 +3710 @@ def run():
-    logger.info('BOSS ç´èæç®å·ç®å v4 å¯å¨')
+    logger.info('Ocria Am7 å¯å¨')
diff --git a/start.bat b/start.bat
index ae36375..3957f44 100644
--- a/start.bat
+++ b/start.bat
@@ -16 +16 @@ echo ========================================
-echo  BOSS ç´èèªå¨å·ç®å
+echo  Ocria Am7
@@ -19 +19 @@ echo.
-echo 1. æå¼ Edgeï¼è¿å¥ BOSS ç´è"æ¨èçäºº"é¡µé¢
+echo 1. æå¼ Chromeï¼ä¼åï¼æ Edgeï¼åéï¼ï¼è¿å¥ BOSS ç´è"æ¨èçäºº"é¡µé¢
exit_code=0
---
timestamp=2026-08-14T00:06:14.3140729+08:00
label=tracked_changes
command=git diff --name-only <baseline> -- .
warning: in the working copy of '.github/workflows/windows-release.yml', LF will be replaced by CRLF the next time Git touches it
warning: in the working copy of '.gitignore', LF will be replaced by CRLF the next time Git touches it
warning: in the working copy of 'BossOCR.spec', LF will be replaced by CRLF the next time Git touches it
warning: in the working copy of 'build-windows.bat', LF will be replaced by CRLF the next time Git touches it
warning: in the working copy of 'docs/README.md', LF will be replaced by CRLF the next time Git touches it
warning: in the working copy of 'setup.bat', LF will be replaced by CRLF the next time Git touches it
warning: in the working copy of 'simple_brush.py', LF will be replaced by CRLF the next time Git touches it
warning: in the working copy of 'start.bat', LF will be replaced by CRLF the next time Git touches it
.github/workflows/windows-release.yml
.gitignore
BossOCR.spec
build-windows.bat
docs/README.md
setup.bat
simple_brush.py
start.bat
exit_code=0
---
timestamp=2026-08-14T00:06:14.3681221+08:00
label=untracked_files
command=git ls-files --others --exclude-standard
README.md
docs/RPD-AM7-R01-ocria-baseline-migration-and-legacy-core-freeze.md
docs/TID-AM7-R01-ocria-baseline-migration-and-legacy-core-freeze.md
docs/am7/PROVENANCE.md
docs/am7/README.md
docs/am7/acceptance/evidence/AM7-R01-C01/README.md
docs/am7/acceptance/evidence/AM7-R01-C01/compileall.log
docs/am7/acceptance/evidence/AM7-R01-C01/environment.log
docs/am7/acceptance/evidence/AM7-R01-C01/evidence-recovery-manifest.md
docs/am7/acceptance/evidence/AM7-R01-C01/full-legacy-regression.log
docs/am7/acceptance/evidence/AM7-R01-C01/full-legacy-regression.raw.log.gz.base64
docs/am7/acceptance/evidence/AM7-R01-C01/gate-summary.md
docs/am7/acceptance/evidence/AM7-R01-C01/r04-benchmark.json
docs/am7/acceptance/evidence/AM7-R01-C01/r04-result.log
docs/am7/acceptance/evidence/AM7-R01-C01/r05-benchmark.json
docs/am7/acceptance/evidence/AM7-R01-C01/r05-result.log
docs/am7/acceptance/evidence/AM7-R01-C01/r06-benchmark.json
docs/am7/acceptance/evidence/AM7-R01-C01/r06-result.log
docs/am7/acceptance/evidence/AM7-R01-C01/workspace-guards.log
docs/am7/acceptance/evidence/AM7-R01-C02/README.md
docs/am7/acceptance/evidence/AM7-R01-C02/before-configuration.log
docs/am7/acceptance/evidence/AM7-R01-C02/command-manifest.md
docs/am7/acceptance/evidence/AM7-R01-C02/configuration-and-verification.log
docs/am7/acceptance/evidence/AM7-R01-C02/final-verification.log
docs/am7/acceptance/evidence/AM7-R01-C03/before-migration.log
docs/am7/acceptance/evidence/AM7-R01-C03/command-manifest.md
docs/am7/acceptance/evidence/AM7-R01-C03/compileall-harness-infrastructure-attempt.log
docs/am7/acceptance/evidence/AM7-R01-C03/compileall.log
docs/am7/acceptance/evidence/AM7-R01-C03/critical-52.log
docs/am7/acceptance/evidence/AM7-R01-C03/full-legacy-regression.log
docs/am7/acceptance/evidence/AM7-R01-C03/full-legacy-regression.raw.log.gz.base64
docs/am7/acceptance/evidence/AM7-R01-C03/pip-check.log
docs/am7/acceptance/evidence/AM7-R01-C03/r04-benchmark.json
docs/am7/acceptance/evidence/AM7-R01-C03/r04-result.log
docs/am7/acceptance/evidence/AM7-R01-C03/r05-benchmark.json
docs/am7/acceptance/evidence/AM7-R01-C03/r05-harness-infrastructure-attempt.log
docs/am7/acceptance/evidence/AM7-R01-C03/r05-result.log
docs/am7/acceptance/evidence/AM7-R01-C03/r06-benchmark.json
docs/am7/acceptance/evidence/AM7-R01-C03/r06-harness-infrastructure-attempt.log
docs/am7/acceptance/evidence/AM7-R01-C03/r06-result.log
docs/am7/baselines/AM7-R01-source-baseline.json
docs/am7/baselines/AM7-R01-source-baseline.md
exit_code=0
---
timestamp=2026-08-14T00:06:14.4171665+08:00
label=worktree_status
command=git status --short --branch; git status --porcelain --untracked-files=all
## main...bossocr-upstream/main
 M .github/workflows/windows-release.yml
 M .gitignore
 M BossOCR.spec
 M build-windows.bat
 M docs/README.md
 M setup.bat
 M simple_brush.py
 M start.bat
?? README.md
?? docs/RPD-AM7-R01-ocria-baseline-migration-and-legacy-core-freeze.md
?? docs/TID-AM7-R01-ocria-baseline-migration-and-legacy-core-freeze.md
?? docs/am7/
 M .github/workflows/windows-release.yml
 M .gitignore
 M BossOCR.spec
 M build-windows.bat
 M docs/README.md
 M setup.bat
 M simple_brush.py
 M start.bat
?? README.md
?? docs/RPD-AM7-R01-ocria-baseline-migration-and-legacy-core-freeze.md
?? docs/TID-AM7-R01-ocria-baseline-migration-and-legacy-core-freeze.md
?? docs/am7/PROVENANCE.md
?? docs/am7/README.md
?? docs/am7/acceptance/evidence/AM7-R01-C01/README.md
?? docs/am7/acceptance/evidence/AM7-R01-C01/compileall.log
?? docs/am7/acceptance/evidence/AM7-R01-C01/environment.log
?? docs/am7/acceptance/evidence/AM7-R01-C01/evidence-recovery-manifest.md
?? docs/am7/acceptance/evidence/AM7-R01-C01/full-legacy-regression.log
?? docs/am7/acceptance/evidence/AM7-R01-C01/full-legacy-regression.raw.log.gz.base64
?? docs/am7/acceptance/evidence/AM7-R01-C01/gate-summary.md
?? docs/am7/acceptance/evidence/AM7-R01-C01/r04-benchmark.json
?? docs/am7/acceptance/evidence/AM7-R01-C01/r04-result.log
?? docs/am7/acceptance/evidence/AM7-R01-C01/r05-benchmark.json
?? docs/am7/acceptance/evidence/AM7-R01-C01/r05-result.log
?? docs/am7/acceptance/evidence/AM7-R01-C01/r06-benchmark.json
?? docs/am7/acceptance/evidence/AM7-R01-C01/r06-result.log
?? docs/am7/acceptance/evidence/AM7-R01-C01/workspace-guards.log
?? docs/am7/acceptance/evidence/AM7-R01-C02/README.md
?? docs/am7/acceptance/evidence/AM7-R01-C02/before-configuration.log
?? docs/am7/acceptance/evidence/AM7-R01-C02/command-manifest.md
?? docs/am7/acceptance/evidence/AM7-R01-C02/configuration-and-verification.log
?? docs/am7/acceptance/evidence/AM7-R01-C02/final-verification.log
?? docs/am7/acceptance/evidence/AM7-R01-C03/before-migration.log
?? docs/am7/acceptance/evidence/AM7-R01-C03/command-manifest.md
?? docs/am7/acceptance/evidence/AM7-R01-C03/compileall-harness-infrastructure-attempt.log
?? docs/am7/acceptance/evidence/AM7-R01-C03/compileall.log
?? docs/am7/acceptance/evidence/AM7-R01-C03/critical-52.log
?? docs/am7/acceptance/evidence/AM7-R01-C03/full-legacy-regression.log
?? docs/am7/acceptance/evidence/AM7-R01-C03/full-legacy-regression.raw.log.gz.base64
?? docs/am7/acceptance/evidence/AM7-R01-C03/pip-check.log
?? docs/am7/acceptance/evidence/AM7-R01-C03/r04-benchmark.json
?? docs/am7/acceptance/evidence/AM7-R01-C03/r04-result.log
?? docs/am7/acceptance/evidence/AM7-R01-C03/r05-benchmark.json
?? docs/am7/acceptance/evidence/AM7-R01-C03/r05-harness-infrastructure-attempt.log
?? docs/am7/acceptance/evidence/AM7-R01-C03/r05-result.log
?? docs/am7/acceptance/evidence/AM7-R01-C03/r06-benchmark.json
?? docs/am7/acceptance/evidence/AM7-R01-C03/r06-harness-infrastructure-attempt.log
?? docs/am7/acceptance/evidence/AM7-R01-C03/r06-result.log
?? docs/am7/baselines/AM7-R01-source-baseline.json
?? docs/am7/baselines/AM7-R01-source-baseline.md
exit_code=0
command_end=2026-08-14T00:06:14.5211223+08:00
result=PASS
