change_id=AM7-R01-remediation
tid_version=0.7
scope=Authorized StartupMenu display expectation migration
repository_relative_cwd=.
commit=a7c941989a038d7a998ccee707e14b4fd9125cda
tree=b3ddfa62cf1673ffc59887b06517baacf9c79cd7
operator=automated_remediation_queue
environment_ref=docs/am7/acceptance/evidence/AM7-R01-C01/environment.log
package_inventory_ref=docs/am7/acceptance/evidence/AM7-R01-C01/environment.log
sanitized=true
command=.\\venv\\Scripts\\python.exe -m unittest -v tests.test_simple_brush_ocr.StartupMenuTests.test_interactive_menu_shows_and_run_delegates_to_existing_flow
start=2026-08-14T08:00:54.1816778+08:00
end=2026-08-14T08:00:55.0724287+08:00
stdout=test_interactive_menu_shows_and_run_delegates_to_existing_flow ... ok
stderr=<empty>
test_count=1
failures=0
errors=0
skips=0
exit_code=0
result=PASS
