change_id=AM7-R01-remediation
tid_version=0.7
scope=Fixed 19-target existence and compileall contract after ignored-cache recovery
repository_relative_cwd=.
commit=a7c941989a038d7a998ccee707e14b4fd9125cda
tree=b3ddfa62cf1673ffc59887b06517baacf9c79cd7
operator=automated_remediation_queue
environment_ref=docs/am7/acceptance/evidence/AM7-R01-C01/environment.log
package_inventory_ref=docs/am7/acceptance/evidence/AM7-R01-C01/environment.log
sanitized=true
command=.\\venv\\Scripts\\python.exe -m compileall -q <19 fixed TID targets>
start=2026-08-14T08:00:01.3402423+08:00
end=2026-08-14T08:00:01.6219906+08:00
target_count=19
target_exists=calibration_profiles.py,calibration_steps.py,calibration_template.py,mouse_motion.py,ocr_aggregation.py,ocr_calibration.py,ocr_candidate.py,ocr_detector.py,ocr_fixture_demo.py,ocr_mac_demo.py,ocr_normalization.py,ocr_records.py,ocr_replay.py,ocr_similarity_sidecar.py,ocr_similarity.py,ocr_store.py,ocr_text.py,simple_brush.py,tests
missing_target_count=0
stdout_stderr=<empty>
exit_code=0
permission_error_count=0
missing_output_match_count=0
result=PASS

previous_restricted_attempt_start=2026-08-14T07:59:34.5195802+08:00
previous_restricted_attempt_end=2026-08-14T07:59:35.2163120+08:00
previous_restricted_attempt_target_count=19
previous_restricted_attempt_missing_target_count=0
previous_restricted_attempt_exit_code=1
previous_restricted_attempt_stderr=22 compile entries failed only because the restricted execution context could not create tests/__pycache__ (WinError 5 Access denied).
previous_restricted_attempt_result=ENVIRONMENT FAILURE — retained; not a source, target, or contract mismatch.
