change_id=AM7-R01-remediation
tid_version=0.7
scope=TID 0.7 §14.1 Full Legacy Regression
repository_relative_cwd=.
commit=a7c941989a038d7a998ccee707e14b4fd9125cda
tree=b3ddfa62cf1673ffc59887b06517baacf9c79cd7
operator=automated_remediation_queue
environment_ref=docs/am7/acceptance/evidence/AM7-R01-C01/environment.log
package_inventory_ref=docs/am7/acceptance/evidence/AM7-R01-C01/environment.log
sanitized=true
command=.\\venv\\Scripts\\python.exe -m unittest discover -s tests -p 'test_*.py' -v
start=2026-08-14T08:01:58.9720509+08:00
unittest_duration_seconds=21.782
end_timestamp=not_captured_by_execution_host_after_output_truncation; completion was observed before the 2026-08-14T08:03:51+08:00 diff guard.
stdout_summary=Ran 783 tests in 21.782s; OK
stderr_summary=<no process failure>; test-controlled diagnostic output was emitted and reviewed but is not retained verbatim because it included local absolute dependency paths.
test_count=783
failures=0
errors=0
skips=0
collection_errors=0
exit_code=0
result=PASS
