change_id=AM7-R01-remediation
tid_version=0.7
scope=TID 0.7 §14.4 protected source, existing-test, exact startup hunk, whitespace, and workspace classification
repository_relative_cwd=.
commit=a7c941989a038d7a998ccee707e14b4fd9125cda
tree=b3ddfa62cf1673ffc59887b06517baacf9c79cd7
operator=automated_remediation_queue
environment_ref=docs/am7/acceptance/evidence/AM7-R01-C01/environment.log
package_inventory_ref=docs/am7/acceptance/evidence/AM7-R01-C01/environment.log
sanitized=true
timestamp=2026-08-14T08:03:51.9132180+08:00
baseline_commit=a7c941989a038d7a998ccee707e14b4fd9125cda
protected_source_diff_exit=0
frozen_existing_test_diff_exit=0
startup_removed_assertion_count=1
startup_added_assertion_count=1
startup_other_change_count=0
unstaged_whitespace_exit=0
staged_whitespace_exit=0
baseline_to_worktree_whitespace_exit=0
deleted_tracked_file_count=0
existing_test_migration=tests/test_simple_brush_ocr.py only: 开始运行 BossOCR -> 开始运行 Ocria Am7
other_existing_baseline_tests=byte-identical_to_baseline
workspace_scope=C01-C05 governed changes already present plus this C03/C04 remediation evidence; no new production, benchmark, schema, threshold, build, workflow, remote, or out-of-allowlist test change.
exit_code=0
result=PASS
