change_id=AM7-R01-C05
scope=TID 0.6 compile target existence/compileall and pip environment
repository_relative_cwd=.
commit=a7c941989a038d7a998ccee707e14b4fd9125cda
tree=b3ddfa62cf1673ffc59887b06517baacf9c79cd7
operator=automated_night_batch
compile_command=.\venv\Scripts\python.exe -m compileall -q <19 fixed TID targets>
compile_start=2026-08-14T01:24:32.1155014+08:00
compile_end=2026-08-14T01:24:32.2845269+08:00
compile_target_count=19
compile_missing_target_count=0
compile_missing_output_match_count=0
compile_exit_code=1
compile_stderr=PermissionError while writing a Python cache file for tests/test_am7_r01_golden_replay.py.
compile_result=FAIL — all targets existed, but compileall did not complete.
pip_command=.\venv\Scripts\python.exe -m pip check
pip_timestamp=2026-08-14T01:24:58.9212191+08:00
pip_exit_code=0
pip_stdout=No broken requirements found.
python=3.11.9 x64 CPython
pip_result=PASS
