change_id=AM7-R01-C05
scope=TID 0.6 §14.4 protected/workspace diff, whitespace, and §14.5 active-brand audit
repository_relative_cwd=.
commit=a7c941989a038d7a998ccee707e14b4fd9125cda
tree=b3ddfa62cf1673ffc59887b06517baacf9c79cd7
operator=automated_night_batch
diff_timestamp=2026-08-14T01:25:16.8554715+08:00
protected_production_and_benchmark_diff_exit=0
existing_16_tests_diff_exit=0
unstaged_whitespace_exit=0
cached_whitespace_exit=0
baseline_whitespace_exit=0
tracked_change_count=8
untracked_count=73
deleted_tracked_count=0
result=PASS — protected files and existing tests are unchanged; all observed tracked/untracked files are governed C01--C05 surfaces.
brand_timestamp=2026-08-14T01:26:42.7249236+08:00
brand_command=TID 0.6 §14.5 active-brand audit
brand_exit_code=0
active_file_count=8
spec_name_assignment_count=2
spec_ocria_assignment_count=2
workflow_notes_contract_match_count=1
bossocr_residual_count=7
residual_violation_count=0
allowed_residuals=BossOCR.spec references in build/workflow; retained workflow notes path; documented BossOCR provenance/Legacy fallback references.
brand_result=PASS
