change_id=AM7-R01-C05
scope=TID 0.6 §14.6 safe-smoke preflight and §14.7 package audit
repository_relative_cwd=.
commit=a7c941989a038d7a998ccee707e14b4fd9125cda
tree=b3ddfa62cf1673ffc59887b06517baacf9c79cd7
operator=automated_night_batch
preflight_command=TID frozen Assert-NoMatchedBossBrowserWindow predicate
preflight_timestamp_capture=not_captured_at_command_start; this was the first frozen predicate invocation after the brand audit.
preflight_exit_code=0
matching_boss_browser_windows=0
preflight_result=PASS
build_command=cmd /c build-windows.bat
build_initial_attempt_result=FAIL
build_initial_attempt_reason=Sandbox network policy blocked the required PyInstaller download before the test/build phase.
build_recovery_authorization=Elevated execution was requested under the system sandbox-recovery rule; only ignored venv/build outputs were in scope.
build_recovery_attempt_result=FAIL
build_recovery_attempt=Build dependencies installed successfully, then build-windows.bat entered its internal Full Regression and exited with the same 783-test / one-failure C03 menu-display assertion conflict. PyInstaller, internal safe smoke, and archive creation did not execute.
second_preflight_command=TID frozen Assert-NoMatchedBossBrowserWindow predicate
second_preflight_timestamp_capture=not_captured_at_command_start; this was the final frozen predicate invocation after the build recovery attempt.
second_preflight_exit_code=0
second_matching_boss_browser_windows=0
second_preflight_result=PASS
executable_smoke_command=.\dist\Ocria\Ocria.exe --no-forward --auto --duration-seconds 0
executable_smoke_result=SKIPPED
executable_smoke_dependency_reason=build did not produce a verified executable.
package_audit_result=SKIPPED
package_audit_dependency_reason=No C05 build artifact exists after build was skipped.
package_observation_timestamp=2026-08-14T01:28:00.2964666+08:00
dist_ocria_exists=false
exe_exists=false
archive_exists=false
sidecar_exists=false
stale_dist_exists=false
stale_archive_exists=false
