change_id=AM7-R01-C05-final
tid_version=0.7
scope=TID 0.7 §14.2 fixed Critical 52 qualified-name regression suite
repository_relative_cwd=.
commit=a7c941989a038d7a998ccee707e14b4fd9125cda
tree=b3ddfa62cf1673ffc59887b06517baacf9c79cd7
operator=automated_final_acceptance
environment_ref=docs/am7/acceptance/evidence/AM7-R01-C01/environment.log
package_inventory_ref=docs/am7/acceptance/evidence/AM7-R01-C01/environment.log
sanitized=true
command=.\\venv\\Scripts\\python.exe -m unittest -v <52 fixed TID qualified names>
start=2026-08-14T21:20:10.4786562+08:00
end=2026-08-14T21:20:15.4312763+08:00
stdout_summary=Ran 52 tests in 2.416s; OK
stderr_summary=<no process failure>; test-controlled diagnostic output was emitted and reviewed, with local absolute dependency paths omitted from repository evidence.
test_count=52
failures=0
errors=0
skips=0
exit_code=0
result=PASS
