change_id=AM7-R01-C05-final
tid_version=0.7
scope=TID 0.7 §14.1.1 R04 benchmark process and output contract
repository_relative_cwd=.
commit=a7c941989a038d7a998ccee707e14b4fd9125cda
tree=b3ddfa62cf1673ffc59887b06517baacf9c79cd7
operator=automated_final_acceptance
environment_ref=docs/am7/acceptance/evidence/AM7-R01-C01/environment.log
package_inventory_ref=docs/am7/acceptance/evidence/AM7-R01-C01/environment.log
sanitized=true
command=.\\venv\\Scripts\\python.exe -m tests.benchmark_r04_normalization
process_start=2026-08-14T21:21:21.7969895+08:00
process_end=2026-08-14T21:21:24.1919031+08:00
process_exit_code=0
raw_json=docs/am7/acceptance/evidence/AM7-R01-C05/final-04-r04-benchmark.json
raw_json_valid=true
scenario_count=8
output_contract_command=TID 0.7 §14.1.1 assertions against the saved raw JSON
output_contract_start=2026-08-14T21:22:21.7435043+08:00
output_contract_end=2026-08-14T21:22:21.8470712+08:00
output_contract_exit_code=0
output_contract_result=PASS
result=PASS — process exit 0 AND output contract PASS
